
> intelligent-customer-web@0.2.0 build
> tsc -b && vite build

[36mvite v5.4.21 [32mbuilding for production...[36m[39m
transforming...
[32m✓[39m 1382 modules transformed.
rendering chunks...
computing gzip size...
[2mdist/[22m[32mindex.html                       [39m[1m[2m  2.14 kB[22m[1m[22m[2m │ gzip:   1.39 kB[22m
[2mdist/[22m[35massets/index-D6biR0ZK.css        [39m[1m[2m 30.50 kB[22m[1m[22m[2m │ gzip:   6.68 kB[22m
[2mdist/[22m[36massets/react-vendor-BE5DIFBQ.js  [39m[1m[2m162.23 kB[22m[1m[22m[2m │ gzip:  52.95 kB[22m
[2mdist/[22m[36massets/markdown-DJZE7jEZ.js      [39m[1m[2m341.28 kB[22m[1m[22m[2m │ gzip: 103.93 kB[22m
[2mdist/[22m[36massets/index-Cpp7xQon.js         [39m[1m[33m614.76 kB[39m[22m[2m │ gzip: 166.39 kB[22m
[33m
(!) Some chunks are larger than 500 kB after minification. Consider:
- Using dynamic import() to code-split the application
- Use build.rollupOptions.output.manualChunks to improve chunking: https://rollupjs.org/configuration-options/#output-manualchunks
- Adjust chunk size limit for this warning via build.chunkSizeWarningLimit.[39m
[32m✓ built in 7.76s[39m
